// Jest Snapshot v1, https://goo.gl/fbAQLP

exports[`Form should render component with correct data and match snapshot 1`] = `
<form>
  <input
    className=""
    name="name"
    onChange={[Function]}
    placeholder="Name"
    type="text"
    value=""
  />
  <input
    className=""
    name="date"
    onChange={[Function]}
    placeholder="Date (mm/dd)"
    type="text"
    value=""
  />
  <input
    className=""
    name="time"
    onChange={[Function]}
    placeholder="Time (hh:mm am/pm)"
    type="text"
    value=""
  />
  <input
    className=""
    name="guests"
    onChange={[Function]}
    placeholder="Number of Guests"
    type="number"
    value=""
  />
  <button
    className="resy-btn"
    onClick={[Function]}
    type="button"
  >
    Make Reservation
  </button>
</form>
`;
